cJSON.c:37:13:cJSON_GetErrorPtr	4	static
cJSON.c:39:12:cJSON_strcasecmp	32	static
cJSON.c:49:14:cJSON_strdup	24	static
cJSON.c:60:6:cJSON_InitHooks	16	static
cJSON.c:73:15:cJSON_New_Item	16	static
cJSON.c:81:6:cJSON_Delete	24	static
cJSON.c:96:20:parse_number	56	static
cJSON.c:117:12:pow2gt	16	static
cJSON.c:121:14:ensure	24	static
cJSON.c:138:12:update	32	static
cJSON.c:147:14:print_number	80	static
cJSON.c:177:17:parse_hex4	24	static
cJSON.c:192:20:parse_string	40	static
cJSON.c:252:14:print_string_ptr	40	static
cJSON.c:309:14:print_string	16	static
cJSON.c:320:20:skip	16	static
cJSON.c:323:8:cJSON_ParseWithOpts	32	static
cJSON.c:339:8:cJSON_Parse	16	static
cJSON.c:342:7:cJSON_Print	16	static
cJSON.c:343:7:cJSON_PrintUnformatted	16	static
cJSON.c:345:7:cJSON_PrintBuffered	40	static
cJSON.c:357:20:parse_value	16	static
cJSON.c:372:14:print_value	32	static
cJSON.c:406:20:parse_array	24	static
cJSON.c:434:14:print_array	64	static
cJSON.c:514:20:parse_object	24	static
cJSON.c:550:14:print_object	88	static
cJSON.c:661:8:cJSON_GetArraySize	24	static
cJSON.c:662:8:cJSON_GetArrayItem	24	static
cJSON.c:663:8:cJSON_GetObjectItem	24	static
cJSON.c:666:13:suffix_object	16	static
cJSON.c:668:15:create_reference	24	static
cJSON.c:671:8:cJSON_AddItemToArray	24	static
cJSON.c:672:8:cJSON_AddItemToObject	24	static
cJSON.c:673:8:cJSON_AddItemToObjectCS	24	static
cJSON.c:674:6:cJSON_AddItemReferenceToArray	16	static
cJSON.c:675:6:cJSON_AddItemReferenceToObject	24	static
cJSON.c:677:8:cJSON_DetachItemFromArray	24	static
cJSON.c:679:8:cJSON_DeleteItemFromArray	16	static
cJSON.c:680:8:cJSON_DetachItemFromObject	24	static
cJSON.c:681:8:cJSON_DeleteItemFromObject	16	static
cJSON.c:684:8:cJSON_InsertItemInArray	32	static
cJSON.c:686:8:cJSON_ReplaceItemInArray	32	static
cJSON.c:689:8:cJSON_ReplaceItemInObject	32	static
cJSON.c:692:8:cJSON_CreateNull	16	static
cJSON.c:693:8:cJSON_CreateTrue	16	static
cJSON.c:694:8:cJSON_CreateFalse	16	static
cJSON.c:695:8:cJSON_CreateBool	24	static
cJSON.c:696:8:cJSON_CreateNumber	32	static
cJSON.c:697:8:cJSON_CreateString	24	static
cJSON.c:698:8:cJSON_CreateArray	16	static
cJSON.c:699:8:cJSON_CreateObject	16	static
cJSON.c:702:8:cJSON_CreateIntArray	40	static
cJSON.c:703:8:cJSON_CreateFloatArray	40	static
cJSON.c:704:8:cJSON_CreateDoubleArray	32	static
cJSON.c:705:8:cJSON_CreateStringArray	32	static
cJSON.c:708:8:cJSON_Duplicate	40	static
cJSON.c:735:6:cJSON_Minify	24	static
