stm32f4xx_it.c:91:6:NMI_Handler	4	static
stm32f4xx_it.c:104:6:HardFault_Handler	4	static
stm32f4xx_it.c:119:6:MemManage_Handler	4	static
stm32f4xx_it.c:134:6:BusFault_Handler	4	static
stm32f4xx_it.c:149:6:UsageFault_Handler	4	static
stm32f4xx_it.c:164:6:SVC_Handler	4	static
stm32f4xx_it.c:177:6:DebugMon_Handler	4	static
stm32f4xx_it.c:190:6:PendSV_Handler	4	static
stm32f4xx_it.c:203:6:SysTick_Handler	4	static
stm32f4xx_it.c:224:6:EXTI9_5_IRQHandler	8	static
stm32f4xx_it.c:239:6:TIM1_UP_TIM10_IRQHandler	8	static
stm32f4xx_it.c:253:6:SPI2_IRQHandler	8	static
stm32f4xx_it.c:267:6:USART1_IRQHandler	16	static
stm32f4xx_it.c:299:6:USART2_IRQHandler	16	static
stm32f4xx_it.c:325:6:USART3_IRQHandler	16	static
stm32f4xx_it.c:354:6:EXTI15_10_IRQHandler	8	static
