stm32f4xx_it.c:98:6:NMI_Handler	4	static
stm32f4xx_it.c:111:6:HardFault_Handler	4	static
stm32f4xx_it.c:126:6:MemManage_Handler	4	static
stm32f4xx_it.c:141:6:BusFault_Handler	4	static
stm32f4xx_it.c:156:6:UsageFault_Handler	4	static
stm32f4xx_it.c:171:6:SVC_Handler	4	static
stm32f4xx_it.c:184:6:DebugMon_Handler	4	static
stm32f4xx_it.c:197:6:PendSV_Handler	4	static
stm32f4xx_it.c:210:6:SysTick_Handler	4	static
stm32f4xx_it.c:231:6:DMA1_Stream2_IRQHandler	8	static
stm32f4xx_it.c:245:6:DMA1_Stream4_IRQHandler	8	static
stm32f4xx_it.c:259:6:DMA1_Stream5_IRQHandler	8	static
stm32f4xx_it.c:273:6:EXTI9_5_IRQHandler	8	static
stm32f4xx_it.c:288:6:TIM1_UP_TIM10_IRQHandler	8	static
stm32f4xx_it.c:302:6:SPI2_IRQHandler	8	static
stm32f4xx_it.c:316:6:USART1_IRQHandler	16	static
stm32f4xx_it.c:348:6:USART2_IRQHandler	16	static
stm32f4xx_it.c:374:6:USART3_IRQHandler	16	static
stm32f4xx_it.c:403:6:EXTI15_10_IRQHandler	8	static
stm32f4xx_it.c:422:6:DMA1_Stream7_IRQHandler	8	static
stm32f4xx_it.c:436:6:TIM6_DAC_IRQHandler	8	static
stm32f4xx_it.c:450:6:DMA2_Stream0_IRQHandler	8	static
